; Outputing an instance:
; -29 
; Outputing an instance:
; 29 
unknown
