; Outputing an instance:
; 293 
; Outputing an instance:
; -293 
unknown
