; Outputing an instance:
; 48 628 1572 
; Outputing an instance:
; 48 628 -1572 
; Outputing an instance:
; 48 -628 1572 
; Outputing an instance:
; 48 -628 -1572 
; Outputing an instance:
; -48 251 1572 
; Outputing an instance:
; -48 251 -1572 
; Outputing an instance:
; -48 -251 1572 
; Outputing an instance:
; -48 -251 -1572 
unknown
