; Outputing an instance:
; -1470 374 -335 
; Outputing an instance:
; -1470 374 335 
; Outputing an instance:
; -1470 -374 -335 
; Outputing an instance:
; -1470 -374 335 
; Outputing an instance:
; 1470 1570 -335 
; Outputing an instance:
; 1470 1570 335 
; Outputing an instance:
; 1470 -1570 -335 
; Outputing an instance:
; 1470 -1570 335 
unknown
